[dotenv@17.2.3] injecting env (22) from .env -- tip: ÔÜÖ´©Å  enable debug logging with { debug: true }
­ƒÜÇ TESTING FLOW + RESET CMD...
Executing (default): SELECT "id", "nik", "email", "no_hp", "otp_code", "otp_expires_at", "password_hash", "nama_lengkap", "role", "jabatan", "departemen_id", "atasan_id", "shift_default_id", "tanggal_bergabung", "status_aktif", "foto_profil_url", "face_encoding", "gaji_pokok", "penempatan_store", "created_at", "updated_at" FROM "users" AS "User" WHERE "User"."nik" = 'EMP001';
Executing (default): UPDATE "users" SET "password_hash"=$1,"updated_at"=$2 WHERE "id" = $3
Reset EMP001 Done
Executing (default): SELECT "id", "nik", "email", "no_hp", "otp_code", "otp_expires_at", "password_hash", "nama_lengkap", "role", "jabatan", "departemen_id", "atasan_id", "shift_default_id", "tanggal_bergabung", "status_aktif", "foto_profil_url", "face_encoding", "gaji_pokok", "penempatan_store", "created_at", "updated_at" FROM "users" AS "User" WHERE "User"."nik" = 'MGR001';
Executing (default): UPDATE "users" SET "password_hash"=$1,"updated_at"=$2 WHERE "id" = $3
Reset MGR001 Done
ÔØî Login John Gagal {
  success: true,
  data: {
    token: 'eyJhbGciOiJIUzI1NiIsInR5cCI6IkpXVCJ9.eyJpZCI6IjQiLCJuaWsiOiJFTVAwMDEiLCJyb2xlIjoia2FyeWF3YW4iLCJpYXQiOjE3NzAwMTEyMDYsImV4cCI6MTc3MDA0MDAwNn0.RLDIXTA1y7S3SJxeeAtuH9JzqhN3zspfOk2w1TBoZTA',
    refreshToken: 'eyJhbGciOiJIUzI1NiIsInR5cCI6IkpXVCJ9.eyJpZCI6IjQiLCJpYXQiOjE3NzAwMTEyMDYsImV4cCI6MTc3MDYxNjAwNn0.mHXGiC8i9eOJbw9DQqwKN1Gt-7ds9eNhvTYaDM0rf5k',
    user: {
      id: '4',
      nik: 'EMP001',
      email: 'editingakun152@gmail.com',
      no_hp: '',
      otp_code: null,
      otp_expires_at: null,
      nama_lengkap: 'John Doe',
      role: 'karyawan',
      jabatan: 'Pramuniaga',
      departemen_id: '1',
      atasan_id: '7',
      shift_default_id: '1',
      tanggal_bergabung: '2024-02-01',
      status_aktif: true,
      foto_profil_url: null,
      gaji_pokok: '8000000.00',
      penempatan_store: 'Cianjur',
      created_at: '2026-01-31T18:42:08.004Z',
      updated_at: '2026-02-02T05:46:45.577Z',
      departemen: [Object],
      shift_default: [Object],
      atasan: [Object],
      current_shift: [Object],
      is_scheduled: true
    }
  }
}
